[backblue.gif]
[fade.gif]
[index.html]
[talenti27.herokuapp.com/Talenti/www.talenti.in/wp-content/uploads/2018/06/icon.png]
[talenti27.herokuapp.com/Talenti/www.talenti.in/wp-includes/js/jquery/jquery.js]
[talenti27.herokuapp.com/Talenti/www.talenti.in/wp-includes/js/jquery/jquery-migrate.min.js]
[talenti27.herokuapp.com/Talenti/www.talenti.in/wp-content/plugins/revslider/public/assets/js/jquery.themepunch.tools.min.js]
[talenti27.herokuapp.com/Talenti/www.talenti.in/wp-content/plugins/revslider/public/assets/js/jquery.themepunch.revolution.min.js]
[talenti27.herokuapp.com/Talenti/www.talenti.in/wp-includes/wlwmanifest.xml]
[talenti27.herokuapp.com/Talenti/www.talenti.in/wp-json/oembed/1.0/embedb4b3b4b3.json]
[talenti27.herokuapp.com/Talenti/www.talenti.in/wp-content/uploads/2018/07/pexels-photo-934062268d268d.jpg]
[www.talenti.in/wp-content/uploads/2018/06/pexels-photo-70226475e9.jpg]
[talenti27.herokuapp.com/Talenti/www.talenti.in/wp-content/uploads/2018/06/logo.jpg]
[talenti27.herokuapp.com/Talenti/www.talenti.in/wp-content/uploads/2018/06/Talenti.png]
[talenti27.herokuapp.com/Talenti/www.talenti.in/wp-content/uploads/2018/08/talentpool.png]
[talenti27.herokuapp.com/Talenti/www.talenti.in/wp-content/themes/thefox/includes/4k-icons/icons/4k-icons-pack03/icons/fonts/im.eot]
[talenti27.herokuapp.com/Talenti/www.talenti.in/wp-content/themes/thefox/includes/4k-icons/icons/4k-icons-pack03/icons/fonts/imd41dd41d.eot]
[talenti27.herokuapp.com/Talenti/www.talenti.in/wp-content/themes/thefox/includes/4k-icons/icons/4k-icons-pack03/icons/fonts/im.woff]
[talenti27.herokuapp.com/Talenti/www.talenti.in/wp-content/themes/thefox/includes/4k-icons/icons/4k-icons-pack03/icons/fonts/im.ttf]
[talenti27.herokuapp.com/Talenti/www.talenti.in/wp-content/themes/thefox/includes/4k-icons/icons/4k-icons-pack04/icons/fonts/oi.eot]
[talenti27.herokuapp.com/Talenti/www.talenti.in/wp-content/themes/thefox/includes/4k-icons/icons/4k-icons-pack04/icons/fonts/oid41dd41d.eot]
[talenti27.herokuapp.com/Talenti/www.talenti.in/wp-content/themes/thefox/includes/4k-icons/icons/4k-icons-pack04/icons/fonts/oi.woff]
[talenti27.herokuapp.com/Talenti/www.talenti.in/wp-content/themes/thefox/includes/4k-icons/icons/4k-icons-pack04/icons/fonts/oi.ttf]
[talenti27.herokuapp.com/Talenti/www.talenti.in/wp-content/themes/thefox/includes/4k-icons/icons/4k-icons-pack02/icons/fonts/fa.eot]
[talenti27.herokuapp.com/Talenti/www.talenti.in/wp-content/themes/thefox/includes/4k-icons/icons/4k-icons-pack02/icons/fonts/fad41dd41d.eot]
[talenti27.herokuapp.com/Talenti/www.talenti.in/wp-content/themes/thefox/includes/4k-icons/icons/4k-icons-pack02/icons/fonts/fa.woff]
[talenti27.herokuapp.com/Talenti/www.talenti.in/wp-content/themes/thefox/includes/4k-icons/icons/4k-icons-pack02/icons/fonts/fa.ttf]
[talenti27.herokuapp.com/Talenti/www.talenti.in/wp-content/uploads/2018/08/8530-design-of-high-definition-d-e1533215541154.jpg]
[talenti27.herokuapp.com/Talenti/www.talenti.in/wp-content/themes/thefox/includes/4k-icons/icons/4k-icons-pack03/icons/fonts/imf.eot]
[talenti27.herokuapp.com/Talenti/www.talenti.in/wp-content/themes/thefox/includes/4k-icons/icons/4k-icons-pack03/icons/fonts/imfd41dd41d.eot]
[talenti27.herokuapp.com/Talenti/www.talenti.in/wp-content/themes/thefox/includes/4k-icons/icons/4k-icons-pack03/icons/fonts/imf.woff]
[talenti27.herokuapp.com/Talenti/www.talenti.in/wp-content/themes/thefox/includes/4k-icons/icons/4k-icons-pack03/icons/fonts/imf.ttf]
[talenti27.herokuapp.com/Talenti/www.talenti.in/wp-content/themes/thefox/includes/4k-icons/icons/4k-icons-pack05/icons/fonts/wb.eot]
[talenti27.herokuapp.com/Talenti/www.talenti.in/wp-content/themes/thefox/includes/4k-icons/icons/4k-icons-pack05/icons/fonts/wbd41dd41d.eot]
[talenti27.herokuapp.com/Talenti/www.talenti.in/wp-content/themes/thefox/includes/4k-icons/icons/4k-icons-pack05/icons/fonts/wb.woff]
[talenti27.herokuapp.com/Talenti/www.talenti.in/wp-content/themes/thefox/includes/4k-icons/icons/4k-icons-pack05/icons/fonts/wb.ttf]
[talenti27.herokuapp.com/Talenti/www.talenti.in/wp-content/themes/thefox/includes/4k-icons/icons/4k-icons-pack02/icons/fonts/elu.eot]
[talenti27.herokuapp.com/Talenti/www.talenti.in/wp-content/themes/thefox/includes/4k-icons/icons/4k-icons-pack02/icons/fonts/elud41dd41d.eot]
[talenti27.herokuapp.com/Talenti/www.talenti.in/wp-content/themes/thefox/includes/4k-icons/icons/4k-icons-pack02/icons/fonts/elu.woff]
[talenti27.herokuapp.com/Talenti/www.talenti.in/wp-content/themes/thefox/includes/4k-icons/icons/4k-icons-pack02/icons/fonts/elu.ttf]
[talenti27.herokuapp.com/Talenti/www.talenti.in/wp-content/themes/thefox/includes/4k-icons/icons/4k-icons-pack01/icons/fonts/business.eot]
[talenti27.herokuapp.com/Talenti/www.talenti.in/wp-content/themes/thefox/includes/4k-icons/icons/4k-icons-pack01/icons/fonts/businessd41dd41d.eot]
[talenti27.herokuapp.com/Talenti/www.talenti.in/wp-content/themes/thefox/includes/4k-icons/icons/4k-icons-pack01/icons/fonts/business.woff]
[talenti27.herokuapp.com/Talenti/www.talenti.in/wp-content/themes/thefox/includes/4k-icons/icons/4k-icons-pack01/icons/fonts/business.ttf]
[talenti27.herokuapp.com/Talenti/www.talenti.in/wp-content/uploads/2018/07/24.jpg]
[talenti27.herokuapp.com/Talenti/www.talenti.in/wp-content/uploads/2018/07/23.jpg]
[talenti27.herokuapp.com/Talenti/www.talenti.in/wp-content/uploads/2018/07/22.jpg]
[talenti27.herokuapp.com/Talenti/www.talenti.in/wp-content/uploads/2018/07/21.jpg]
[talenti27.herokuapp.com/Talenti/www.talenti.in/wp-content/uploads/2018/07/20.jpg]
[talenti27.herokuapp.com/Talenti/www.talenti.in/wp-content/uploads/2018/07/19.jpg]
[talenti27.herokuapp.com/Talenti/www.talenti.in/wp-content/uploads/2018/07/18.jpg]
[talenti27.herokuapp.com/Talenti/www.talenti.in/wp-content/uploads/2018/07/17.jpg]
[talenti27.herokuapp.com/Talenti/www.talenti.in/wp-content/uploads/2018/07/16.jpg]
[talenti27.herokuapp.com/Talenti/www.talenti.in/wp-content/uploads/2018/06/4.jpg]
[talenti27.herokuapp.com/Talenti/www.talenti.in/wp-content/uploads/2018/06/8.jpg]
[talenti27.herokuapp.com/Talenti/www.talenti.in/wp-content/uploads/2018/06/3.jpg]
[talenti27.herokuapp.com/Talenti/www.talenti.in/wp-content/uploads/2018/06/10.jpg]
[talenti27.herokuapp.com/Talenti/www.talenti.in/wp-content/uploads/2018/06/11.jpg]
[talenti27.herokuapp.com/Talenti/www.talenti.in/wp-content/uploads/2018/06/12.jpg]
[talenti27.herokuapp.com/Talenti/www.talenti.in/wp-content/uploads/2018/06/Talenti-300x99.png]
[talenti27.herokuapp.com/Talenti/www.talenti.in/wp-content/themes/thefox/js/scrollmagic.js]
[talenti27.herokuapp.com/Talenti/www.talenti.in/wp-content/themes/thefox/js/customjs.js]
[talenti27.herokuapp.com/Talenti/www.talenti.in/wp-content/themes/thefox/js/custom_woo_js.js]
[talenti27.herokuapp.com/Talenti/www.talenti.in/wp-content/themes/thefox/js/smoothscroll.js]
[talenti27.herokuapp.com/Talenti/www.talenti.in/wp-content/plugins/contact-form-7/includes/js/scripts.js]
[talenti27.herokuapp.com/Talenti/www.talenti.in/wp-includes/js/wp-embed.min.js]
[talenti27.herokuapp.com/Talenti/www.talenti.in/wp-content/plugins/js_composer/assets/js/dist/js_composer_front.min.js]
[talenti27.herokuapp.com/Talenti/www.talenti.in/wp-content/themes/thefox/includes/4k-icons/js/script-ck.js]
[talenti27.herokuapp.com/Talenti/www.google.com/recaptcha/apiae20ae20.js]
[talenti27.herokuapp.com/Talenti/www.talenti.in/index.html]
[talenti27.herokuapp.com/Talenti/www.talenti.in/feed/index.html]
[talenti27.herokuapp.com/Talenti/www.talenti.in/comments/feed/index.html]
[talenti27.herokuapp.com/Talenti/www.talenti.in/wp-includes/css/dist/block-library/style.min.css]
[talenti27.herokuapp.com/Talenti/www.talenti.in/wp-content/plugins/contact-form-7/images/ajax-loader.gif]
[talenti27.herokuapp.com/Talenti/www.talenti.in/wp-content/plugins/contact-form-7/includes/css/styles.css]
[talenti27.herokuapp.com/Talenti/www.talenti.in/wp-content/plugins/revslider/public/assets/fonts/revicons/revicons90c690c6.eot]
[talenti27.herokuapp.com/Talenti/www.talenti.in/wp-content/plugins/revslider/public/assets/fonts/revicons/revicons90c690c6.woff]
[talenti27.herokuapp.com/Talenti/www.talenti.in/wp-content/plugins/revslider/public/assets/fonts/revicons/revicons90c690c6.ttf]
[talenti27.herokuapp.com/Talenti/www.talenti.in/wp-content/plugins/revslider/public/assets/assets/gridtile.png]
[talenti27.herokuapp.com/Talenti/www.talenti.in/wp-content/plugins/revslider/public/assets/assets/gridtile_white.png]
[talenti27.herokuapp.com/Talenti/www.talenti.in/wp-content/plugins/revslider/public/assets/assets/gridtile_3x3.png]
[talenti27.herokuapp.com/Talenti/www.talenti.in/wp-content/plugins/revslider/public/assets/assets/gridtile_3x3_white.png]
[talenti27.herokuapp.com/Talenti/www.talenti.in/wp-content/plugins/revslider/public/assets/assets/coloredbg.png]
[talenti27.herokuapp.com/Talenti/www.talenti.in/wp-content/plugins/revslider/public/assets/assets/loader.gif]
[talenti27.herokuapp.com/Talenti/www.talenti.in/wp-content/plugins/revslider/public/assets/css/settings.css]
[talenti27.herokuapp.com/Talenti/www.talenti.in/wp-content/themes/thefox/images/preloader.gif]
[talenti27.herokuapp.com/Talenti/www.talenti.in/wp-content/themes/thefox/style.css]
[talenti27.herokuapp.com/Talenti/www.talenti.in/wp-content/themes/thefox/images/pt_1.png]
[talenti27.herokuapp.com/Talenti/www.talenti.in/wp-content/themes/thefox/images/pt_2.png]
[talenti27.herokuapp.com/Talenti/www.talenti.in/wp-content/themes/thefox/images/pt_3.png]
[talenti27.herokuapp.com/Talenti/www.talenti.in/wp-content/themes/thefox/images/pt_4.png]
[talenti27.herokuapp.com/Talenti/www.talenti.in/wp-content/themes/thefox/images/pt_5.png]
[talenti27.herokuapp.com/Talenti/www.talenti.in/wp-content/themes/thefox/images/lt_border.png]
[talenti27.herokuapp.com/Talenti/www.talenti.in/wp-content/themes/thefox/images/ib_sc.png]
[talenti27.herokuapp.com/Talenti/www.talenti.in/wp-content/themes/thefox/style_end.css]
[talenti27.herokuapp.com/Talenti/www.talenti.in/wp-content/themes/thefox/media-queries_wide.css]
[talenti27.herokuapp.com/Talenti/www.talenti.in/wp-content/themes/thefox/css/rgs.css]
[talenti27.herokuapp.com/Talenti/www.talenti.in/wp-content/themes/thefox/css/animations.css]
[talenti27.herokuapp.com/Talenti/www.talenti.in/wp-content/themes/thefox/includes/Flexslider/theme/loader.gif]
[talenti27.herokuapp.com/Talenti/www.talenti.in/wp-content/themes/thefox/includes/Flexslider/theme/bg_control_nav.png]
[talenti27.herokuapp.com/Talenti/www.talenti.in/wp-content/themes/thefox/includes/Flexslider/flexslider.css]
[talenti27.herokuapp.com/Talenti/www.talenti.in/wp-content/themes/thefox/includes/font/fontawesome-webfont862f862f.eot]
[talenti27.herokuapp.com/Talenti/www.talenti.in/wp-content/themes/thefox/includes/font/fontawesome-webfontd41dd41d.eot]
[talenti27.herokuapp.com/Talenti/www.talenti.in/wp-content/themes/thefox/includes/font/fontawesome-webfont862f862f.woff]
[talenti27.herokuapp.com/Talenti/www.talenti.in/wp-content/themes/thefox/includes/font/fontawesome-webfont862f862f.ttf]
[talenti27.herokuapp.com/Talenti/www.talenti.in/wp-content/themes/thefox/css/font-awesome.css]
[talenti27.herokuapp.com/Talenti/www.talenti.in/wp-content/themes/thefox/includes/font/moon.eot]
[talenti27.herokuapp.com/Talenti/www.talenti.in/wp-content/themes/thefox/includes/font/moond41dd41d.eot]
[talenti27.herokuapp.com/Talenti/www.talenti.in/wp-content/themes/thefox/includes/font/moon.woff]
[talenti27.herokuapp.com/Talenti/www.talenti.in/wp-content/themes/thefox/includes/font/moon.ttf]
[talenti27.herokuapp.com/Talenti/www.talenti.in/wp-content/themes/thefox/css/moon.css]
[talenti27.herokuapp.com/Talenti/www.talenti.in/wp-content/themes/thefox/includes/font/ElegantIcons.eot]
[talenti27.herokuapp.com/Talenti/www.talenti.in/wp-content/themes/thefox/includes/font/ElegantIconsd41dd41d.eot]
[talenti27.herokuapp.com/Talenti/www.talenti.in/wp-content/themes/thefox/includes/font/ElegantIcons.woff]
[talenti27.herokuapp.com/Talenti/www.talenti.in/wp-content/themes/thefox/includes/font/ElegantIcons.ttf]
[talenti27.herokuapp.com/Talenti/www.talenti.in/wp-content/themes/thefox/css/elegant.css]
[talenti27.herokuapp.com/Talenti/www.talenti.in/wp-content/themes/thefox/includes/prettyPhoto/images/prettyPhoto/default/sprite_next.png]
[talenti27.herokuapp.com/Talenti/www.talenti.in/wp-content/themes/thefox/includes/prettyPhoto/images/prettyPhoto/default/sprite_prev.png]
[talenti27.herokuapp.com/Talenti/www.talenti.in/wp-content/themes/thefox/includes/prettyPhoto/images/prettyPhoto/default/sprite.png]
[talenti27.herokuapp.com/Talenti/www.talenti.in/wp-content/themes/thefox/includes/prettyPhoto/images/prettyPhoto/default/default_thumb.png]
[talenti27.herokuapp.com/Talenti/www.talenti.in/wp-content/themes/thefox/includes/prettyPhoto/images/prettyPhoto/light_rounded/sprite.png]
[talenti27.herokuapp.com/Talenti/www.talenti.in/wp-content/themes/thefox/includes/prettyPhoto/images/prettyPhoto/light_rounded/btnNext.png]
[talenti27.herokuapp.com/Talenti/www.talenti.in/wp-content/themes/thefox/includes/prettyPhoto/images/prettyPhoto/light_rounded/btnPrevious.png]
[talenti27.herokuapp.com/Talenti/www.talenti.in/wp-content/themes/thefox/includes/prettyPhoto/images/prettyPhoto/dark_rounded/sprite.png]
[talenti27.herokuapp.com/Talenti/www.talenti.in/wp-content/themes/thefox/includes/prettyPhoto/images/prettyPhoto/dark_rounded/contentPattern.png]
[talenti27.herokuapp.com/Talenti/www.talenti.in/wp-content/themes/thefox/includes/prettyPhoto/images/prettyPhoto/dark_rounded/btnNext.png]
[talenti27.herokuapp.com/Talenti/www.talenti.in/wp-content/themes/thefox/includes/prettyPhoto/images/prettyPhoto/dark_rounded/btnPrevious.png]
[talenti27.herokuapp.com/Talenti/www.talenti.in/wp-content/themes/thefox/includes/prettyPhoto/images/prettyPhoto/dark_square/sprite.png]
[talenti27.herokuapp.com/Talenti/www.talenti.in/wp-content/themes/thefox/includes/prettyPhoto/images/prettyPhoto/dark_square/btnNext.png]
[talenti27.herokuapp.com/Talenti/www.talenti.in/wp-content/themes/thefox/includes/prettyPhoto/images/prettyPhoto/dark_square/btnPrevious.png]
[talenti27.herokuapp.com/Talenti/www.talenti.in/wp-content/themes/thefox/includes/prettyPhoto/images/prettyPhoto/light_square/sprite.png]
[talenti27.herokuapp.com/Talenti/www.talenti.in/wp-content/themes/thefox/includes/prettyPhoto/images/prettyPhoto/light_square/btnNext.png]
[talenti27.herokuapp.com/Talenti/www.talenti.in/wp-content/themes/thefox/includes/prettyPhoto/images/prettyPhoto/light_square/btnPrevious.png]
[talenti27.herokuapp.com/Talenti/www.talenti.in/wp-content/themes/thefox/includes/prettyPhoto/images/prettyPhoto/facebook/sprite.png]
[talenti27.herokuapp.com/Talenti/www.talenti.in/wp-content/themes/thefox/includes/prettyPhoto/images/prettyPhoto/facebook/contentPatternTop.png]
[talenti27.herokuapp.com/Talenti/www.talenti.in/wp-content/themes/thefox/includes/prettyPhoto/images/prettyPhoto/facebook/contentPatternLeft.png]
[talenti27.herokuapp.com/Talenti/www.talenti.in/wp-content/themes/thefox/includes/prettyPhoto/images/prettyPhoto/facebook/contentPatternRight.png]
[talenti27.herokuapp.com/Talenti/www.talenti.in/wp-content/themes/thefox/includes/prettyPhoto/images/prettyPhoto/facebook/loader.gif]
[talenti27.herokuapp.com/Talenti/www.talenti.in/wp-content/themes/thefox/includes/prettyPhoto/images/prettyPhoto/facebook/btnNext.png]
[talenti27.herokuapp.com/Talenti/www.talenti.in/wp-content/themes/thefox/includes/prettyPhoto/images/prettyPhoto/facebook/btnPrevious.png]
[talenti27.herokuapp.com/Talenti/www.talenti.in/wp-content/themes/thefox/includes/prettyPhoto/images/prettyPhoto/facebook/contentPatternBottom.png]
[talenti27.herokuapp.com/Talenti/www.talenti.in/wp-content/themes/thefox/includes/prettyPhoto/images/prettyPhoto/facebook/default_thumbnail.gif]
[talenti27.herokuapp.com/Talenti/www.talenti.in/wp-content/themes/thefox/includes/prettyPhoto/css/prettyPhoto.css]
[talenti27.herokuapp.com/Talenti/www.talenti.in/wp-content/themes/thefox/css/thefox_js_composer.css]
[talenti27.herokuapp.com/Talenti/www.talenti.in/wp-content/themes/thefox/includes/zilla-likes/styles/zilla-likes.css]
[talenti27.herokuapp.com/Talenti/www.talenti.in/wp-json/index.html]
[talenti27.herokuapp.com/Talenti/www.talenti.in/wp-json/oembed/1.0/embed01a501a5.html]
[talenti27.herokuapp.com/Talenti/www.talenti.in/wp-json/oembed/1.0/embedabeeabee.json]
[talenti27.herokuapp.com/Talenti/www.talenti.in/wp-content/uploads/2018/06/red-vintage-shoes-sportde4cde4c.jpg]
[talenti27.herokuapp.com/Talenti/www.talenti.in/wp-content/themes/thefox/includes/4k-icons/icons/4k-icons-pack03/icons/fonts/ion.eot]
[talenti27.herokuapp.com/Talenti/www.talenti.in/wp-content/themes/thefox/includes/4k-icons/icons/4k-icons-pack03/icons/fonts/iond41dd41d.eot]
[talenti27.herokuapp.com/Talenti/www.talenti.in/wp-content/themes/thefox/includes/4k-icons/icons/4k-icons-pack03/icons/fonts/ion.woff]
[talenti27.herokuapp.com/Talenti/www.talenti.in/wp-content/themes/thefox/includes/4k-icons/icons/4k-icons-pack03/icons/fonts/ion.ttf]
[talenti27.herokuapp.com/Talenti/www.talenti.in/wp-content/uploads/2018/06/13.jpg]
[talenti27.herokuapp.com/Talenti/www.talenti.in/wp-content/uploads/2018/06/14.jpg]
[talenti27.herokuapp.com/Talenti/www.talenti.in/wp-content/uploads/2018/06/15.jpg]
[talenti27.herokuapp.com/Talenti/www.talenti.in/wp-content/uploads/2018/06/1.jpg]
[talenti27.herokuapp.com/Talenti/www.talenti.in/wp-content/uploads/2018/06/2.jpg]
[talenti27.herokuapp.com/Talenti/www.talenti.in/wp-includes/js/jquery/ui/core.min.js]
[talenti27.herokuapp.com/Talenti/www.talenti.in/wp-includes/js/jquery/ui/widget.min.js]
[talenti27.herokuapp.com/Talenti/www.talenti.in/wp-includes/js/jquery/ui/accordion.min.js]
[talenti27.herokuapp.com/Talenti/www.talenti.in/company-overview/index.html]
[talenti27.herokuapp.com/Talenti/www.talenti.in/wp-json/oembed/1.0/embed007a007a.json]
[talenti27.herokuapp.com/Talenti/www.talenti.in/wp-content/uploads/2018/07/Screen-Shot-2018-07-13-at-13.29.14-copy-300x450.jpg]
[talenti27.herokuapp.com/Talenti/www.talenti.in/wp-content/uploads/2018/07/3-300x450.jpg]
[talenti27.herokuapp.com/Talenti/www.talenti.in/wp-content/uploads/2018/07/2-300x450.jpg]
[talenti27.herokuapp.com/Talenti/www.talenti.in/wp-content/uploads/2018/07/1-copy-300x450.jpg]
[talenti27.herokuapp.com/Talenti/www.talenti.in/leadership-team/index.html]
[talenti27.herokuapp.com/Talenti/www.talenti.in/wp-json/oembed/1.0/embed64346434.json]
[talenti27.herokuapp.com/Talenti/www.talenti.in/wp-content/themes/thefox/includes/4k-icons/icons/4k-icons-pack05/icons/fonts/ws.eot]
[talenti27.herokuapp.com/Talenti/www.talenti.in/wp-content/themes/thefox/includes/4k-icons/icons/4k-icons-pack05/icons/fonts/wsd41dd41d.eot]
[talenti27.herokuapp.com/Talenti/www.talenti.in/wp-content/themes/thefox/includes/4k-icons/icons/4k-icons-pack05/icons/fonts/ws.woff]
[talenti27.herokuapp.com/Talenti/www.talenti.in/wp-content/themes/thefox/includes/4k-icons/icons/4k-icons-pack05/icons/fonts/ws.ttf]
[talenti27.herokuapp.com/Talenti/www.talenti.in/why-us-2/index.html]
[talenti27.herokuapp.com/Talenti/www.talenti.in/wp-json/oembed/1.0/embed59825982.json]
[talenti27.herokuapp.com/Talenti/www.talenti.in/wp-content/uploads/2018/07/1572_Golden-Gate-Bridge-in-San-Francisco-1024x682_0f2f9f2f9.jpg]
[talenti27.herokuapp.com/Talenti/www.talenti.in/wp-content/themes/thefox/includes/4k-icons/icons/4k-icons-pack03/icons/fonts/foa.eot]
[talenti27.herokuapp.com/Talenti/www.talenti.in/wp-content/themes/thefox/includes/4k-icons/icons/4k-icons-pack03/icons/fonts/foad41dd41d.eot]
[talenti27.herokuapp.com/Talenti/www.talenti.in/wp-content/themes/thefox/includes/4k-icons/icons/4k-icons-pack03/icons/fonts/foa.woff]
[talenti27.herokuapp.com/Talenti/www.talenti.in/wp-content/themes/thefox/includes/4k-icons/icons/4k-icons-pack03/icons/fonts/foa.ttf]
[talenti27.herokuapp.com/Talenti/www.talenti.in/services/index.html]
[talenti27.herokuapp.com/Talenti/www.talenti.in/wp-json/oembed/1.0/embedea0aea0a.json]
[talenti27.herokuapp.com/Talenti/www.talenti.in/wp-content/uploads/2018/07/pexels-photo-10502977e2c7e2c.jpg]
[talenti27.herokuapp.com/Talenti/www.talenti.in/wp-content/uploads/2018/07/CXO.png]
[talenti27.herokuapp.com/Talenti/www.talenti.in/wp-content/uploads/2018/07/ER.png]
[talenti27.herokuapp.com/Talenti/www.talenti.in/wp-content/uploads/2018/08/626-450x450.png]
[talenti27.herokuapp.com/Talenti/www.talenti.in/wp-content/themes/thefox/includes/4k-icons/icons/4k-icons-pack01/icons/fonts/bk.eot]
[talenti27.herokuapp.com/Talenti/www.talenti.in/wp-content/themes/thefox/includes/4k-icons/icons/4k-icons-pack01/icons/fonts/bkd41dd41d.eot]
[talenti27.herokuapp.com/Talenti/www.talenti.in/wp-content/themes/thefox/includes/4k-icons/icons/4k-icons-pack01/icons/fonts/bk.woff]
[talenti27.herokuapp.com/Talenti/www.talenti.in/wp-content/themes/thefox/includes/4k-icons/icons/4k-icons-pack01/icons/fonts/bk.ttf]
[talenti27.herokuapp.com/Talenti/www.talenti.in/wp-content/themes/thefox/includes/4k-icons/icons/4k-icons-pack02/icons/fonts/el.eot]
[talenti27.herokuapp.com/Talenti/www.talenti.in/wp-content/themes/thefox/includes/4k-icons/icons/4k-icons-pack02/icons/fonts/eld41dd41d.eot]
[talenti27.herokuapp.com/Talenti/www.talenti.in/wp-content/themes/thefox/includes/4k-icons/icons/4k-icons-pack02/icons/fonts/el.woff]
[talenti27.herokuapp.com/Talenti/www.talenti.in/wp-content/themes/thefox/includes/4k-icons/icons/4k-icons-pack02/icons/fonts/el.ttf]
[talenti27.herokuapp.com/Talenti/www.talenti.in/recruitment/index.html]
[talenti27.herokuapp.com/Talenti/www.talenti.in/wp-json/oembed/1.0/embed83048304.json]
[talenti27.herokuapp.com/Talenti/www.talenti.in/wp-content/uploads/2018/08/corrected-Grey-board-red-v-white-6-1200-e1533217473959b200b200.jpg]
[talenti27.herokuapp.com/Talenti/www.talenti.in/wp-content/uploads/2018/06/Screen-Shot-2018-06-25-at-23.08.54-400x550.png]
[talenti27.herokuapp.com/Talenti/www.talenti.in/wp-content/uploads/2018/06/pexels-photo-134525-900x900.jpg]
[talenti27.herokuapp.com/Talenti/www.talenti.in/wp-content/themes/thefox/includes/4k-icons/icons/4k-icons-pack01/icons/fonts/ba.eot]
[talenti27.herokuapp.com/Talenti/www.talenti.in/wp-content/themes/thefox/includes/4k-icons/icons/4k-icons-pack01/icons/fonts/bad41dd41d.eot]
[talenti27.herokuapp.com/Talenti/www.talenti.in/wp-content/themes/thefox/includes/4k-icons/icons/4k-icons-pack01/icons/fonts/ba.woff]
[talenti27.herokuapp.com/Talenti/www.talenti.in/wp-content/themes/thefox/includes/4k-icons/icons/4k-icons-pack01/icons/fonts/ba.ttf]
[talenti27.herokuapp.com/Talenti/www.talenti.in/strategic/index.html]
[talenti27.herokuapp.com/Talenti/www.talenti.in/myworkspace/wp-emoji-release.min.js.download]
[talenti27.herokuapp.com/Talenti/www.talenti.in/myworkspace/jquery.js.download]
[talenti27.herokuapp.com/Talenti/www.talenti.in/myworkspace/jquery-migrate.min.js.download]
[talenti27.herokuapp.com/Talenti/www.talenti.in/myworkspace/jquery.themepunch.tools.min.js.download]
[talenti27.herokuapp.com/Talenti/www.talenti.in/myworkspace/jquery.themepunch.revolution.min.js.download]
[talenti27.herokuapp.com/Talenti/www.talenti.in/myworkspace/logo.jpg]
[talenti27.herokuapp.com/Talenti/www.talenti.in/myworkspace/Talenti.png]
[talenti27.herokuapp.com/Talenti/www.talenti.in/myworkspace/safeworkplace.jpg]
[talenti27.herokuapp.com/Talenti/www.talenti.in/myworkspace/hrguide.jpg]
[talenti27.herokuapp.com/Talenti/www.talenti.in/myworkspace/diversity.jpg]
[talenti27.herokuapp.com/Talenti/www.talenti.in/myworkspace/culture.jpg]
[talenti27.herokuapp.com/Talenti/www.talenti.in/myworkspace/change.jpg]
[talenti27.herokuapp.com/Talenti/www.talenti.in/myworkspace/leadership.jpg]
[talenti27.herokuapp.com/Talenti/www.talenti.in/myworkspace/Talenti-300x99.png]
[talenti27.herokuapp.com/Talenti/www.talenti.in/myworkspace/scrollmagic.js.download]
[talenti27.herokuapp.com/Talenti/www.talenti.in/myworkspace/customjs.js.download]
[talenti27.herokuapp.com/Talenti/www.talenti.in/myworkspace/custom_woo_js.js.download]
[talenti27.herokuapp.com/Talenti/www.talenti.in/myworkspace/smoothscroll.js.download]
[talenti27.herokuapp.com/Talenti/www.talenti.in/myworkspace/scripts.js.download]
[talenti27.herokuapp.com/Talenti/www.talenti.in/myworkspace/wp-embed.min.js.download]
[talenti27.herokuapp.com/Talenti/www.talenti.in/myworkspace/js_composer_front.min.js.download]
[talenti27.herokuapp.com/Talenti/www.talenti.in/myworkspace/script-ck.js.download]
[talenti27.herokuapp.com/Talenti/www.talenti.in/workspace.html]
[talenti27.herokuapp.com/Talenti/www.talenti.in/wp-json/oembed/1.0/embed4da54da5.json]
[talenti27.herokuapp.com/Talenti/www.talenti.in/wp-content/uploads/2018/06/pexels-photo-70226475e975e9.jpg]
[talenti27.herokuapp.com/Talenti/www.talenti.in/careers/index.html]
[talenti27.herokuapp.com/Talenti/www.talenti.in/wp-json/oembed/1.0/embedec09ec09.json]
[talenti27.herokuapp.com/Talenti/www.talenti.in/wp-content/uploads/2018/07/Screen-Shot-2018-07-13-at-12.31.48-768x384.png]
[talenti27.herokuapp.com/Talenti/www.talenti.in/wp-content/uploads/2018/07/Screen-Shot-2018-07-13-at-12.31.48.png]
[talenti27.herokuapp.com/Talenti/www.talenti.in/wp-content/uploads/2018/07/Screen-Shot-2018-07-13-at-12.31.57-copy-768x384.jpg]
[talenti27.herokuapp.com/Talenti/www.talenti.in/wp-content/uploads/2018/07/Screen-Shot-2018-07-13-at-12.31.57-copy.jpg]
[talenti27.herokuapp.com/Talenti/www.talenti.in/wp-content/uploads/2018/07/Screen-Shot-2018-07-13-at-12.31.41-copy-768x384.jpg]
[talenti27.herokuapp.com/Talenti/www.talenti.in/wp-content/uploads/2018/07/Screen-Shot-2018-07-13-at-12.31.41-copy.jpg]
[talenti27.herokuapp.com/Talenti/www.talenti.in/wp-content/uploads/2018/06/DSC_3937-copy-768x384.jpg]
[talenti27.herokuapp.com/Talenti/www.talenti.in/wp-content/uploads/2018/06/DSC_3937-copy.jpg]
[talenti27.herokuapp.com/Talenti/www.talenti.in/wp-content/uploads/2018/06/DSC_4031-copy-768x384.jpg]
[talenti27.herokuapp.com/Talenti/www.talenti.in/wp-content/uploads/2018/06/DSC_4031-copy.jpg]
[talenti27.herokuapp.com/Talenti/www.talenti.in/wp-content/uploads/2018/06/DSC_4043-copy-768x384.jpg]
[talenti27.herokuapp.com/Talenti/www.talenti.in/wp-content/uploads/2018/06/DSC_4043-copy.jpg]
[talenti27.herokuapp.com/Talenti/www.talenti.in/wp-content/uploads/2018/06/DSC_4068-copy-768x384.jpg]
[talenti27.herokuapp.com/Talenti/www.talenti.in/wp-content/uploads/2018/06/DSC_4068-copy.jpg]
[talenti27.herokuapp.com/Talenti/www.talenti.in/wp-content/uploads/2018/06/DSC_4089-copy-768x384.jpg]
[talenti27.herokuapp.com/Talenti/www.talenti.in/wp-content/uploads/2018/06/DSC_4089-copy.jpg]
[talenti27.herokuapp.com/Talenti/www.talenti.in/wp-content/uploads/2018/06/DSC_4266-copy-768x384.jpg]
[talenti27.herokuapp.com/Talenti/www.talenti.in/wp-content/uploads/2018/06/DSC_4266-copy.jpg]
[talenti27.herokuapp.com/Talenti/www.talenti.in/wp-content/uploads/2018/06/DSC_4296-copy-768x384.jpg]
[talenti27.herokuapp.com/Talenti/www.talenti.in/wp-content/uploads/2018/06/DSC_4296-copy.jpg]
[talenti27.herokuapp.com/Talenti/www.talenti.in/wp-content/uploads/2018/06/DSC_4306-copy-768x384.jpg]
[talenti27.herokuapp.com/Talenti/www.talenti.in/wp-content/uploads/2018/06/DSC_4306-copy.jpg]
[talenti27.herokuapp.com/Talenti/www.talenti.in/wp-content/uploads/2018/06/Team-Dinner-copy-768x384.jpg]
[talenti27.herokuapp.com/Talenti/www.talenti.in/wp-content/uploads/2018/06/Team-Dinner-copy.jpg]
[talenti27.herokuapp.com/Talenti/www.talenti.in/wp-content/uploads/2018/06/183-copy-768x384.jpg]
[talenti27.herokuapp.com/Talenti/www.talenti.in/wp-content/uploads/2018/06/183-copy.jpg]
[talenti27.herokuapp.com/Talenti/www.talenti.in/wp-content/uploads/2018/06/307-copy-768x384.jpg]
[talenti27.herokuapp.com/Talenti/www.talenti.in/wp-content/uploads/2018/06/307-copy.jpg]
[talenti27.herokuapp.com/Talenti/www.talenti.in/wp-content/uploads/2018/06/344-copy-768x384.jpg]
[talenti27.herokuapp.com/Talenti/www.talenti.in/wp-content/uploads/2018/06/344-copy.jpg]
[talenti27.herokuapp.com/Talenti/www.talenti.in/wp-content/uploads/2018/06/359-copy-768x384.jpg]
[talenti27.herokuapp.com/Talenti/www.talenti.in/wp-content/uploads/2018/06/359-copy.jpg]
[talenti27.herokuapp.com/Talenti/www.talenti.in/wp-content/themes/thefox/js/jquery.isotope.min.js]
[talenti27.herokuapp.com/Talenti/www.talenti.in/wp-content/themes/thefox/js/sorting.js]
[talenti27.herokuapp.com/Talenti/www.talenti.in/gallery/index.html]
[talenti27.herokuapp.com/Talenti/www.talenti.in/wp-json/oembed/1.0/embeda2c9a2c9.json]
[talenti27.herokuapp.com/Talenti/www.talenti.in/wp-content/uploads/2018/07/cq5dam.web_.1280.12802c9e2c9e.jpg]
[www.talenti.in/wp-content/uploads/2018/07/hands-1283146_1280-e1515408069682cb9a.jpg]
[talenti27.herokuapp.com/Talenti/www.talenti.in/wp-content/themes/thefox/includes/4k-icons/icons/4k-icons-pack01/icons/fonts/cn.eot]
[talenti27.herokuapp.com/Talenti/www.talenti.in/wp-content/themes/thefox/includes/4k-icons/icons/4k-icons-pack01/icons/fonts/cnd41dd41d.eot]
[talenti27.herokuapp.com/Talenti/www.talenti.in/wp-content/themes/thefox/includes/4k-icons/icons/4k-icons-pack01/icons/fonts/cn.woff]
[talenti27.herokuapp.com/Talenti/www.talenti.in/wp-content/themes/thefox/includes/4k-icons/icons/4k-icons-pack01/icons/fonts/cn.ttf]
[talenti27.herokuapp.com/Talenti/www.talenti.in/case-studies/index.html]
[talenti27.herokuapp.com/Talenti/www.talenti.in/wp-json/oembed/1.0/embed15651565.json]
[talenti27.herokuapp.com/Talenti/www.talenti.in/wp-content/themes/thefox/includes/4k-icons/icons/4k-icons-pack04/icons/fonts/sw.eot]
[talenti27.herokuapp.com/Talenti/www.talenti.in/wp-content/themes/thefox/includes/4k-icons/icons/4k-icons-pack04/icons/fonts/swd41dd41d.eot]
[talenti27.herokuapp.com/Talenti/www.talenti.in/wp-content/themes/thefox/includes/4k-icons/icons/4k-icons-pack04/icons/fonts/sw.woff]
[talenti27.herokuapp.com/Talenti/www.talenti.in/wp-content/themes/thefox/includes/4k-icons/icons/4k-icons-pack04/icons/fonts/sw.ttf]
[talenti27.herokuapp.com/Talenti/www.talenti.in/wp-content/themes/thefox/includes/4k-icons/icons/4k-icons-pack05/icons/fonts/zo.eot]
[talenti27.herokuapp.com/Talenti/www.talenti.in/wp-content/themes/thefox/includes/4k-icons/icons/4k-icons-pack05/icons/fonts/zod41dd41d.eot]
[talenti27.herokuapp.com/Talenti/www.talenti.in/wp-content/themes/thefox/includes/4k-icons/icons/4k-icons-pack05/icons/fonts/zo.woff]
[talenti27.herokuapp.com/Talenti/www.talenti.in/wp-content/themes/thefox/includes/4k-icons/icons/4k-icons-pack05/icons/fonts/zo.ttf]
[talenti27.herokuapp.com/Talenti/www.talenti.in/contact-us/index.html]
[talenti27.herokuapp.com/Talenti/www.talenti.in/wp-content/themes/thefox/includes/4k-icons/icons/4k-icons-pack03/icons/fonts/im.svg]
[talenti27.herokuapp.com/Talenti/www.talenti.in/wp-content/themes/thefox/includes/4k-icons/icons/4k-icons-pack04/icons/fonts/oi.svg]
[talenti27.herokuapp.com/Talenti/www.talenti.in/wp-content/themes/thefox/includes/4k-icons/icons/4k-icons-pack02/icons/fonts/fa.svg]
[talenti27.herokuapp.com/Talenti/www.talenti.in/wp-content/themes/thefox/includes/4k-icons/icons/4k-icons-pack03/icons/fonts/imf.svg]
[talenti27.herokuapp.com/Talenti/www.talenti.in/wp-content/themes/thefox/includes/4k-icons/icons/4k-icons-pack05/icons/fonts/wb.svg]
[talenti27.herokuapp.com/Talenti/www.talenti.in/wp-content/themes/thefox/includes/4k-icons/icons/4k-icons-pack02/icons/fonts/elu.svg]
[talenti27.herokuapp.com/Talenti/www.talenti.in/wp-content/themes/thefox/includes/4k-icons/icons/4k-icons-pack01/icons/fonts/business.svg]
[talenti27.herokuapp.com/Talenti/www.talenti.in/wp-content/themes/thefox/includes/4k-icons/css/icon-styles.css]
[talenti27.herokuapp.com/Talenti/www.talenti.in/wp-content/plugins/revslider/public/assets/fonts/revicons/revicons90c690c6.svg]
[talenti27.herokuapp.com/Talenti/www.talenti.in/wp-content/plugins/revslider/public/assets/css/openhand.html]
[talenti27.herokuapp.com/Talenti/www.talenti.in/wp-content/plugins/revslider/public/assets/css/closedhand.html]
[www.talenti.in/wp-content/uploads/2018/06/icon.png]
[www.talenti.in/wp-includes/js/jquery/jquery.js]
[www.talenti.in/wp-includes/js/jquery/jquery-migrate.min.js]
[www.talenti.in/wp-content/plugins/revslider/public/assets/js/jquery.themepunch.tools.min.js]
[www.talenti.in/wp-content/plugins/revslider/public/assets/js/jquery.themepunch.revolution.min.js]
[www.talenti.in/wp-content/uploads/2018/06/logo.jpg]
[www.talenti.in/wp-content/uploads/2018/06/Talenti.png]
[www.talenti.in/wp-content/themes/thefox/images/404_default.png]
[www.talenti.in/wp-content/uploads/2018/06/Talenti-300x99.png]
[www.talenti.in/wp-content/themes/thefox/js/scrollmagic.js]
[www.talenti.in/wp-content/themes/thefox/js/customjs.js]
[www.talenti.in/wp-content/themes/thefox/js/custom_woo_js.js]
[www.talenti.in/wp-content/themes/thefox/js/smoothscroll.js]
[www.talenti.in/wp-content/plugins/contact-form-7/includes/js/scripts.js]
[www.talenti.in/wp-includes/js/wp-embed.min.js]
[talenti27.herokuapp.com/Talenti/www.talenti.in/wp-content/themes/thefox/images/share_icons/facebook.html]
[talenti27.herokuapp.com/Talenti/www.talenti.in/wp-content/themes/thefox/images/share_icons/twitter.html]
[talenti27.herokuapp.com/Talenti/www.talenti.in/wp-content/themes/thefox/images/share_icons/linkedin.html]
[talenti27.herokuapp.com/Talenti/www.talenti.in/wp-content/themes/thefox/images/share_icons/reddit.html]
[talenti27.herokuapp.com/Talenti/www.talenti.in/wp-content/themes/thefox/images/share_icons/tumblr.html]
[talenti27.herokuapp.com/Talenti/www.talenti.in/wp-content/themes/thefox/images/share_icons/g+.html]
[talenti27.herokuapp.com/Talenti/www.talenti.in/wp-content/themes/thefox/images/share_icons/mail.html]
[talenti27.herokuapp.com/Talenti/www.talenti.in/wp-content/themes/thefox/owl.video.play.html]
[talenti27.herokuapp.com/Talenti/www.talenti.in/wp-content/themes/thefox/includes/font/fontawesome-webfont862f862f.svg]
[talenti27.herokuapp.com/Talenti/www.talenti.in/wp-content/themes/thefox/includes/font/moon.svg]
[talenti27.herokuapp.com/Talenti/www.talenti.in/wp-content/themes/thefox/includes/font/ElegantIcons.svg]
[talenti27.herokuapp.com/Talenti/www.talenti.in/wp-content/themes/thefox/images/toggle_open.html]
[talenti27.herokuapp.com/Talenti/www.talenti.in/wp-content/themes/thefox/images/toggle_close.html]
[talenti27.herokuapp.com/Talenti/www.talenti.in/wp-content/themes/thefox/images/icons/address-book.html]
[talenti27.herokuapp.com/Talenti/www.talenti.in/wp-content/themes/thefox/images/icons/alarm-clock.html]
[talenti27.herokuapp.com/Talenti/www.talenti.in/wp-content/themes/thefox/images/icons/anchor.html]
[talenti27.herokuapp.com/Talenti/www.talenti.in/wp-content/themes/thefox/images/icons/application-image.html]
[talenti27.herokuapp.com/Talenti/www.talenti.in/wp-content/themes/thefox/images/icons/arrow.html]
[talenti27.herokuapp.com/Talenti/www.talenti.in/wp-content/themes/thefox/images/icons/asterisk.html]
[talenti27.herokuapp.com/Talenti/www.talenti.in/wp-content/themes/thefox/images/icons/auction-hammer.html]
[talenti27.herokuapp.com/Talenti/www.talenti.in/wp-content/themes/thefox/images/icons/balloon.html]
[talenti27.herokuapp.com/Talenti/www.talenti.in/wp-content/themes/thefox/images/icons/balloon-buzz.html]
[talenti27.herokuapp.com/Talenti/www.talenti.in/wp-content/themes/thefox/images/icons/balloon-facebook.html]
[talenti27.herokuapp.com/Talenti/www.talenti.in/wp-content/themes/thefox/images/icons/balloon-twitter.html]
[talenti27.herokuapp.com/Talenti/www.talenti.in/wp-content/themes/thefox/images/icons/battery-full.html]
[talenti27.herokuapp.com/Talenti/www.talenti.in/wp-content/themes/thefox/images/icons/binocular.html]
[talenti27.herokuapp.com/Talenti/www.talenti.in/wp-content/themes/thefox/images/icons/blue-document-excel.html]
[talenti27.herokuapp.com/Talenti/www.talenti.in/wp-content/themes/thefox/images/icons/blue-document-image.html]
[talenti27.herokuapp.com/Talenti/www.talenti.in/wp-content/themes/thefox/images/icons/blue-document-music.html]
[talenti27.herokuapp.com/Talenti/www.talenti.in/wp-content/themes/thefox/images/icons/blue-document-office.html]
[talenti27.herokuapp.com/Talenti/www.talenti.in/wp-content/themes/thefox/images/icons/blue-document-pdf.html]
[talenti27.herokuapp.com/Talenti/www.talenti.in/wp-content/themes/thefox/images/icons/blue-document-powerpoint.html]
[talenti27.herokuapp.com/Talenti/www.talenti.in/wp-content/themes/thefox/images/icons/blue-document-word.html]
[talenti27.herokuapp.com/Talenti/www.talenti.in/wp-content/themes/thefox/images/icons/bookmark.html]
[talenti27.herokuapp.com/Talenti/www.talenti.in/wp-content/themes/thefox/images/icons/camcorder.html]
[talenti27.herokuapp.com/Talenti/www.talenti.in/wp-content/themes/thefox/images/icons/camera.html]
[talenti27.herokuapp.com/Talenti/www.talenti.in/wp-content/themes/thefox/images/icons/chart.html]
[talenti27.herokuapp.com/Talenti/www.talenti.in/wp-content/themes/thefox/images/icons/chart-pie.html]
[talenti27.herokuapp.com/Talenti/www.talenti.in/wp-content/themes/thefox/images/icons/clock.html]
[talenti27.herokuapp.com/Talenti/www.talenti.in/wp-content/themes/thefox/images/icons/control.html]
[talenti27.herokuapp.com/Talenti/www.talenti.in/wp-content/themes/thefox/images/icons/fire.html]
[talenti27.herokuapp.com/Talenti/www.talenti.in/wp-content/themes/thefox/images/icons/heart.html]
[talenti27.herokuapp.com/Talenti/www.talenti.in/wp-content/themes/thefox/images/icons/mail.html]
[talenti27.herokuapp.com/Talenti/www.talenti.in/wp-content/themes/thefox/images/icons/plus-shield.html]
[talenti27.herokuapp.com/Talenti/www.talenti.in/wp-content/themes/thefox/images/icons/video.html]
[talenti27.herokuapp.com/Talenti/www.talenti.in/wp-content/themes/thefox/images/twitter_bird.html]
[talenti27.herokuapp.com/Talenti/www.talenti.in/wp-content/themes/thefox/vc/alert.html]
[talenti27.herokuapp.com/Talenti/www.talenti.in/wp-content/themes/thefox/vc/info.html]
[talenti27.herokuapp.com/Talenti/www.talenti.in/wp-content/themes/thefox/vc/tick.html]
[talenti27.herokuapp.com/Talenti/www.talenti.in/wp-content/themes/thefox/vc/exclamation.html]
[talenti27.herokuapp.com/Talenti/www.talenti.in/wp-content/themes/thefox/images/flickr.html]
[talenti27.herokuapp.com/Talenti/www.talenti.in/wp-content/themes/thefox/vc/blur.html]
[talenti27.herokuapp.com/Talenti/www.talenti.in/wp-content/themes/thefox/fonts/vc_grid/vc_grid_v157a157a1.html]
[talenti27.herokuapp.com/Talenti/www.talenti.in/wp-content/themes/thefox/fonts/vc_grid/vc_grid_v1d41dd41d.html]
[talenti27.herokuapp.com/Talenti/www.talenti.in/wp-content/themes/thefox/fonts/vc_grid/vc_grid_v157a1-257a1.html]
[talenti27.herokuapp.com/Talenti/www.talenti.in/wp-content/themes/thefox/fonts/vc_grid/vc_grid_v157a1-357a1.html]
[talenti27.herokuapp.com/Talenti/www.talenti.in/wp-content/themes/thefox/fonts/vc_grid/vc_grid_v157a1-457a1.html]
[talenti27.herokuapp.com/Talenti/www.talenti.in/indexf7f8f7f8.html]
[talenti27.herokuapp.com/Talenti/www.talenti.in/wp-json/oembed/1.0/embed80958095.html]
[talenti27.herokuapp.com/Talenti/www.talenti.in/wp-content/themes/thefox/includes/4k-icons/icons/4k-icons-pack03/icons/fonts/ion.svg]
[talenti27.herokuapp.com/Talenti/www.talenti.in/index88448844.html]
[talenti27.herokuapp.com/Talenti/www.talenti.in/wp-json/oembed/1.0/embed9d559d55.html]
[talenti27.herokuapp.com/Talenti/www.talenti.in/index0d0b0d0b.html]
[talenti27.herokuapp.com/Talenti/www.talenti.in/wp-json/oembed/1.0/embeda366a366.html]
[talenti27.herokuapp.com/Talenti/www.talenti.in/wp-content/themes/thefox/includes/4k-icons/icons/4k-icons-pack05/icons/fonts/ws.svg]
[talenti27.herokuapp.com/Talenti/www.talenti.in/index97879787.html]
[talenti27.herokuapp.com/Talenti/www.talenti.in/wp-json/oembed/1.0/embedf5b1f5b1.html]
[talenti27.herokuapp.com/Talenti/www.talenti.in/wp-content/themes/thefox/includes/4k-icons/icons/fonts/.html]
[talenti27.herokuapp.com/Talenti/www.talenti.in/wp-content/themes/thefox/includes/4k-icons/icons/fonts/d41dd41d.html]
[talenti27.herokuapp.com/Talenti/www.talenti.in/wp-content/themes/thefox/includes/4k-icons/icons/fonts/-2.html]
[talenti27.herokuapp.com/Talenti/www.talenti.in/wp-content/themes/thefox/includes/4k-icons/icons/fonts/-3.html]
[talenti27.herokuapp.com/Talenti/www.talenti.in/wp-content/themes/thefox/includes/4k-icons/icons/fonts/-4.html]
[talenti27.herokuapp.com/Talenti/www.talenti.in/wp-content/themes/thefox/includes/4k-icons/icons/4k-icons-pack03/icons/fonts/foa.svg]
[talenti27.herokuapp.com/Talenti/www.talenti.in/indexff23ff23.html]
[talenti27.herokuapp.com/Talenti/www.talenti.in/wp-json/oembed/1.0/embededd4edd4.html]
[talenti27.herokuapp.com/Talenti/www.talenti.in/wp-content/themes/thefox/includes/4k-icons/icons/4k-icons-pack01/icons/fonts/bk.svg]
[talenti27.herokuapp.com/Talenti/www.talenti.in/wp-content/themes/thefox/includes/4k-icons/icons/4k-icons-pack02/icons/fonts/el.svg]
[talenti27.herokuapp.com/Talenti/www.talenti.in/indexa828a828.html]
[talenti27.herokuapp.com/Talenti/www.talenti.in/wp-json/oembed/1.0/embed713c713c.html]
[talenti27.herokuapp.com/Talenti/www.talenti.in/wp-content/themes/thefox/includes/4k-icons/icons/4k-icons-pack01/icons/fonts/ba.svg]
[talenti27.herokuapp.com/Talenti/unpkg.com/ionicons@4.4.8/dist/css/ionicons.min.html]
[talenti27.herokuapp.com/Talenti/www.talenti.in/myworkspace/styles.css]
[talenti27.herokuapp.com/Talenti/www.talenti.in/myworkspace/settings.css]
[talenti27.herokuapp.com/Talenti/www.talenti.in/myworkspace/style.css]
[talenti27.herokuapp.com/Talenti/www.talenti.in/myworkspace/style_end.css]
[talenti27.herokuapp.com/Talenti/www.talenti.in/myworkspace/css.html]
[talenti27.herokuapp.com/Talenti/www.talenti.in/myworkspace/media-queries_wide.css]
[talenti27.herokuapp.com/Talenti/www.talenti.in/myworkspace/rgs.css]
[talenti27.herokuapp.com/Talenti/www.talenti.in/myworkspace/animations.css]
[talenti27.herokuapp.com/Talenti/www.talenti.in/myworkspace/flexslider.css]
[talenti27.herokuapp.com/Talenti/stackpath.bootstrapcdn.com/font-awesome/4.7.0/css/font-awesome.min.html]
[talenti27.herokuapp.com/Talenti/www.talenti.in/myworkspace/moon.css]
[talenti27.herokuapp.com/Talenti/www.talenti.in/myworkspace/elegant.css]
[talenti27.herokuapp.com/Talenti/www.talenti.in/myworkspace/prettyPhoto.css]
[talenti27.herokuapp.com/Talenti/www.talenti.in/myworkspace/thefox_js_composer.css]
[talenti27.herokuapp.com/Talenti/www.talenti.in/myworkspace/zilla-likes.css]
[talenti27.herokuapp.com/Talenti/www.talenti.in/myworkspace/css(1).html]
[talenti27.herokuapp.com/Talenti/images.pexels.com/photos/395132/pexels-photo-39513217511751.html]
[talenti27.herokuapp.com/Talenti/www.talenti.in/myworkspace/css(2).html]
[talenti27.herokuapp.com/Talenti/www.talenti.in/myworkspace/css(3).html]
[talenti27.herokuapp.com/Talenti/www.talenti.in/myworkspace/icon-styles.css]
[talenti27.herokuapp.com/Talenti/www.talenti.in/indexc9c1c9c1.html]
[talenti27.herokuapp.com/Talenti/www.talenti.in/wp-json/oembed/1.0/embed7be87be8.html]
[talenti27.herokuapp.com/Talenti/www.talenti.in/indexcaaecaae.html]
[talenti27.herokuapp.com/Talenti/www.talenti.in/wp-json/oembed/1.0/embedb445b445.html]
[talenti27.herokuapp.com/Talenti/www.talenti.in/wp-content/uploads/2018/07/Screen-Shot-2018-07-13-at-12.31.48-640x400.png]
[talenti27.herokuapp.com/Talenti/www.talenti.in/wp-content/uploads/2018/07/Screen-Shot-2018-07-13-at-12.31.57-copy-640x400.jpg]
[talenti27.herokuapp.com/Talenti/www.talenti.in/wp-content/uploads/2018/07/Screen-Shot-2018-07-13-at-12.31.41-copy-640x400.jpg]
[talenti27.herokuapp.com/Talenti/www.talenti.in/wp-content/uploads/2018/06/DSC_3937-copy-640x400.jpg]
[talenti27.herokuapp.com/Talenti/www.talenti.in/wp-content/uploads/2018/06/DSC_4031-copy-640x400.jpg]
[talenti27.herokuapp.com/Talenti/www.talenti.in/wp-content/uploads/2018/06/DSC_4043-copy-640x400.jpg]
[talenti27.herokuapp.com/Talenti/www.talenti.in/wp-content/uploads/2018/06/DSC_4068-copy-640x400.jpg]
[talenti27.herokuapp.com/Talenti/www.talenti.in/wp-content/uploads/2018/06/DSC_4089-copy-640x400.jpg]
[talenti27.herokuapp.com/Talenti/www.talenti.in/wp-includes/js/comment-reply.min.js]
[talenti27.herokuapp.com/Talenti/www.talenti.in/project/16/index.html]
[talenti27.herokuapp.com/Talenti/www.talenti.in/project/15/index.html]
[talenti27.herokuapp.com/Talenti/www.talenti.in/project/14/index.html]
[talenti27.herokuapp.com/Talenti/www.talenti.in/project/13/index.html]
[talenti27.herokuapp.com/Talenti/www.talenti.in/project/12/index.html]
[talenti27.herokuapp.com/Talenti/www.talenti.in/project/11/index.html]
[talenti27.herokuapp.com/Talenti/www.talenti.in/project/10/index.html]
[talenti27.herokuapp.com/Talenti/www.talenti.in/project/9/index.html]
[talenti27.herokuapp.com/Talenti/www.talenti.in/project/8/index.html]
[talenti27.herokuapp.com/Talenti/www.talenti.in/project/7/index.html]
[talenti27.herokuapp.com/Talenti/www.talenti.in/project/6/index.html]
[talenti27.herokuapp.com/Talenti/www.talenti.in/project/5/index.html]
[talenti27.herokuapp.com/Talenti/www.talenti.in/project/4/index.html]
[talenti27.herokuapp.com/Talenti/www.talenti.in/project/3/index.html]
[talenti27.herokuapp.com/Talenti/www.talenti.in/project/2/index.html]
[talenti27.herokuapp.com/Talenti/www.talenti.in/project/1/index.html]
[talenti27.herokuapp.com/Talenti/www.talenti.in/index5eab5eab.html]
[talenti27.herokuapp.com/Talenti/www.talenti.in/wp-json/oembed/1.0/embedb95bb95b.html]
[talenti27.herokuapp.com/Talenti/www.talenti.in/wp-content/themes/thefox/includes/4k-icons/icons/4k-icons-pack01/icons/fonts/cn.svg]
[talenti27.herokuapp.com/Talenti/www.talenti.in/indexb5fbb5fb.html]
[talenti27.herokuapp.com/Talenti/www.talenti.in/wp-json/oembed/1.0/embed22302230.html]
[talenti27.herokuapp.com/Talenti/www.talenti.in/wp-content/themes/thefox/includes/4k-icons/icons/4k-icons-pack04/icons/fonts/sw.svg]
[talenti27.herokuapp.com/Talenti/www.talenti.in/wp-content/themes/thefox/includes/4k-icons/icons/4k-icons-pack05/icons/fonts/zo.svg]
[www.talenti.in/wp-includes/css/dist/block-library/style.min.css]
[www.talenti.in/wp-content/plugins/contact-form-7/images/ajax-loader.gif]
[www.talenti.in/wp-content/plugins/contact-form-7/includes/css/styles.css]
[www.talenti.in/wp-content/plugins/revslider/public/assets/assets/gridtile.png]
[www.talenti.in/wp-content/plugins/revslider/public/assets/assets/gridtile_white.png]
[www.talenti.in/wp-content/plugins/revslider/public/assets/assets/gridtile_3x3.png]
[www.talenti.in/wp-content/plugins/revslider/public/assets/assets/gridtile_3x3_white.png]
[www.talenti.in/wp-content/plugins/revslider/public/assets/assets/coloredbg.png]
[www.talenti.in/wp-content/plugins/revslider/public/assets/assets/loader.gif]
[www.talenti.in/wp-content/plugins/revslider/public/assets/css/settings.css]
[www.talenti.in/wp-content/themes/thefox/images/preloader.gif]
[www.talenti.in/wp-content/themes/thefox/images/share_icons/facebook.png]
[www.talenti.in/wp-content/themes/thefox/images/share_icons/twitter.279.delayed]
[www.talenti.in/wp-content/themes/thefox/images/share_icons/linkedin.png]
[www.talenti.in/wp-content/themes/thefox/images/share_icons/reddit.png]
[www.talenti.in/wp-content/themes/thefox/images/share_icons/tumblr.png]
[www.talenti.in/wp-content/themes/thefox/images/share_icons/g+.png]
[www.talenti.in/wp-content/themes/thefox/images/share_icons/mail.png]
[www.talenti.in/wp-content/themes/thefox/style.css]
[www.talenti.in/wp-content/themes/thefox/images/pt_1.png]
[www.talenti.in/wp-content/themes/thefox/images/pt_2.png]
[www.talenti.in/wp-content/themes/thefox/images/pt_3.png]
[www.talenti.in/wp-content/themes/thefox/images/pt_4.png]
[www.talenti.in/wp-content/themes/thefox/images/pt_5.png]
[www.talenti.in/wp-content/themes/thefox/images/lt_border.png]
[www.talenti.in/wp-content/themes/thefox/images/ib_sc.png]
[www.talenti.in/wp-content/themes/thefox/owl.video.play.png]
[www.talenti.in/wp-content/themes/thefox/style_end.css]
[www.talenti.in/wp-content/themes/thefox/media-queries_wide.css]
[www.talenti.in/wp-content/themes/thefox/css/rgs.css]
[www.talenti.in/wp-content/themes/thefox/css/animations.css]
[www.talenti.in/wp-content/themes/thefox/includes/Flexslider/theme/loader.gif]
[www.talenti.in/wp-content/themes/thefox/includes/Flexslider/theme/bg_control_nav.png]
[www.talenti.in/wp-content/themes/thefox/includes/Flexslider/flexslider.css]
[www.talenti.in/wp-content/themes/thefox/css/font-awesome.css]
[www.talenti.in/wp-content/themes/thefox/css/moon.css]
[www.talenti.in/wp-content/themes/thefox/css/elegant.css]
[www.talenti.in/wp-content/themes/thefox/includes/prettyPhoto/images/prettyPhoto/default/sprite_next.png]
[www.talenti.in/wp-content/themes/thefox/includes/prettyPhoto/images/prettyPhoto/default/sprite_prev.png]
[www.talenti.in/wp-content/themes/thefox/includes/prettyPhoto/images/prettyPhoto/default/sprite.png]
[www.talenti.in/wp-content/themes/thefox/includes/prettyPhoto/images/prettyPhoto/default/default_thumb.png]
[www.talenti.in/wp-content/themes/thefox/includes/prettyPhoto/images/prettyPhoto/light_rounded/sprite.png]
[www.talenti.in/wp-content/themes/thefox/includes/prettyPhoto/images/prettyPhoto/light_rounded/btnNext.png]
[www.talenti.in/wp-content/themes/thefox/includes/prettyPhoto/images/prettyPhoto/light_rounded/btnPrevious.png]
[www.talenti.in/wp-content/themes/thefox/includes/prettyPhoto/images/prettyPhoto/dark_rounded/sprite.png]
[www.talenti.in/wp-content/themes/thefox/includes/prettyPhoto/images/prettyPhoto/dark_rounded/contentPattern.png]
[www.talenti.in/wp-content/themes/thefox/includes/prettyPhoto/images/prettyPhoto/dark_rounded/btnNext.png]
[www.talenti.in/wp-content/themes/thefox/includes/prettyPhoto/images/prettyPhoto/dark_rounded/btnPrevious.png]
[www.talenti.in/wp-content/themes/thefox/includes/prettyPhoto/images/prettyPhoto/dark_square/sprite.png]
[www.talenti.in/wp-content/themes/thefox/includes/prettyPhoto/images/prettyPhoto/dark_square/btnNext.png]
[www.talenti.in/wp-content/themes/thefox/includes/prettyPhoto/images/prettyPhoto/dark_square/btnPrevious.png]
[www.talenti.in/wp-content/themes/thefox/includes/prettyPhoto/images/prettyPhoto/light_square/sprite.png]
[www.talenti.in/wp-content/themes/thefox/includes/prettyPhoto/images/prettyPhoto/light_square/btnNext.png]
[www.talenti.in/wp-content/themes/thefox/includes/prettyPhoto/images/prettyPhoto/light_square/btnPrevious.png]
[www.talenti.in/wp-content/themes/thefox/includes/prettyPhoto/images/prettyPhoto/facebook/sprite.png]
[www.talenti.in/wp-content/themes/thefox/includes/prettyPhoto/images/prettyPhoto/facebook/contentPatternTop.png]
[www.talenti.in/wp-content/themes/thefox/includes/prettyPhoto/images/prettyPhoto/facebook/contentPatternLeft.png]
[www.talenti.in/wp-content/themes/thefox/includes/prettyPhoto/images/prettyPhoto/facebook/contentPatternRight.png]
[www.talenti.in/wp-content/themes/thefox/includes/prettyPhoto/images/prettyPhoto/facebook/loader.gif]
[www.talenti.in/wp-content/themes/thefox/includes/prettyPhoto/images/prettyPhoto/facebook/btnNext.png]
[www.talenti.in/wp-content/themes/thefox/includes/prettyPhoto/images/prettyPhoto/facebook/btnPrevious.png]
[www.talenti.in/wp-content/themes/thefox/includes/prettyPhoto/images/prettyPhoto/facebook/contentPatternBottom.png]
[www.talenti.in/wp-content/themes/thefox/includes/prettyPhoto/images/prettyPhoto/facebook/default_thumbnail.gif]
[www.talenti.in/wp-content/themes/thefox/includes/prettyPhoto/css/prettyPhoto.css]
[www.talenti.in/wp-content/themes/thefox/images/toggle_open.png]
[www.talenti.in/wp-content/themes/thefox/images/toggle_close.png]
[www.talenti.in/wp-content/themes/thefox/images/icons/address-book.png]
[www.talenti.in/wp-content/themes/thefox/images/icons/alarm-clock.png]
[www.talenti.in/wp-content/themes/thefox/images/icons/anchor.png]
[www.talenti.in/wp-content/themes/thefox/images/icons/application-image.png]
[www.talenti.in/wp-content/themes/thefox/images/icons/arrow.png]
[www.talenti.in/wp-content/themes/thefox/images/icons/asterisk.png]
[www.talenti.in/wp-content/themes/thefox/images/icons/auction-hammer.png]
[www.talenti.in/wp-content/themes/thefox/images/icons/balloon.png]
[www.talenti.in/wp-content/themes/thefox/images/icons/balloon-buzz.png]
[www.talenti.in/wp-content/themes/thefox/images/icons/balloon-facebook.png]
[www.talenti.in/wp-content/themes/thefox/images/icons/balloon-twitter.png]
[www.talenti.in/wp-content/themes/thefox/images/icons/battery-full.png]
[www.talenti.in/wp-content/themes/thefox/images/icons/binocular.png]
[www.talenti.in/wp-content/themes/thefox/images/icons/blue-document-excel.png]
[www.talenti.in/wp-content/themes/thefox/images/icons/blue-document-image.png]
[www.talenti.in/wp-content/themes/thefox/images/icons/blue-document-music.png]
[www.talenti.in/wp-content/themes/thefox/images/icons/blue-document-office.png]
[www.talenti.in/wp-content/themes/thefox/images/icons/blue-document-pdf.png]
[www.talenti.in/wp-content/themes/thefox/images/icons/blue-document-powerpoint.png]
[www.talenti.in/wp-content/themes/thefox/images/icons/blue-document-word.png]
[www.talenti.in/wp-content/themes/thefox/images/icons/bookmark.png]
[www.talenti.in/wp-content/themes/thefox/images/icons/camcorder.png]
[www.talenti.in/wp-content/themes/thefox/images/icons/camera.png]
[www.talenti.in/wp-content/themes/thefox/images/icons/chart.png]
[www.talenti.in/wp-content/themes/thefox/images/icons/chart-pie.png]
[www.talenti.in/wp-content/themes/thefox/images/icons/clock.png]
[www.talenti.in/wp-content/themes/thefox/images/icons/control.png]
[www.talenti.in/wp-content/themes/thefox/images/icons/fire.png]
[www.talenti.in/wp-content/themes/thefox/images/icons/heart.png]
[www.talenti.in/wp-content/themes/thefox/images/icons/mail.png]
[www.talenti.in/wp-content/themes/thefox/images/icons/plus-shield.png]
[www.talenti.in/wp-content/themes/thefox/images/icons/video.png]
[www.talenti.in/wp-content/themes/thefox/images/twitter_bird.png]
[www.talenti.in/wp-content/themes/thefox/vc/alert.png]
[www.talenti.in/wp-content/themes/thefox/vc/info.png]
[www.talenti.in/wp-content/themes/thefox/vc/tick.png]
[www.talenti.in/wp-content/themes/thefox/vc/exclamation.png]
[www.talenti.in/wp-content/themes/thefox/images/flickr.png]
[www.talenti.in/wp-content/themes/thefox/css/thefox_js_composer.css]
[www.talenti.in/wp-content/themes/thefox/includes/zilla-likes/styles/zilla-likes.css]
[talenti27.herokuapp.com/Talenti/www.talenti.in/xmlrpc0db00db0.html]
[talenti27.herokuapp.com/Talenti/www.talenti.in/images/ajax-loader.html]
[talenti27.herokuapp.com/Talenti/www.talenti.in/fonts/revicons/revicons90c690c6.html]
[talenti27.herokuapp.com/Talenti/www.talenti.in/fonts/revicons/revicons90c6-290c6.html]
[talenti27.herokuapp.com/Talenti/www.talenti.in/fonts/revicons/revicons90c6-390c6.html]
[talenti27.herokuapp.com/Talenti/www.talenti.in/fonts/revicons/revicons90c6-490c6.html]
[talenti27.herokuapp.com/Talenti/www.talenti.in/myworkspace/openhand.html]
[talenti27.herokuapp.com/Talenti/www.talenti.in/myworkspace/closedhand.html]
[talenti27.herokuapp.com/Talenti/www.talenti.in/assets/gridtile.html]
[talenti27.herokuapp.com/Talenti/www.talenti.in/assets/gridtile_white.html]
[talenti27.herokuapp.com/Talenti/www.talenti.in/assets/gridtile_3x3.html]
[talenti27.herokuapp.com/Talenti/www.talenti.in/assets/gridtile_3x3_white.html]
[talenti27.herokuapp.com/Talenti/www.talenti.in/assets/coloredbg.html]
[talenti27.herokuapp.com/Talenti/www.talenti.in/assets/loader.html]
[talenti27.herokuapp.com/Talenti/www.talenti.in/myworkspace/images/preloader.html]
[talenti27.herokuapp.com/Talenti/www.talenti.in/myworkspace/images/share_icons/facebook.html]
[talenti27.herokuapp.com/Talenti/www.talenti.in/myworkspace/images/share_icons/twitter.html]
[talenti27.herokuapp.com/Talenti/www.talenti.in/myworkspace/images/share_icons/linkedin.html]
[talenti27.herokuapp.com/Talenti/www.talenti.in/myworkspace/images/share_icons/reddit.html]
[talenti27.herokuapp.com/Talenti/www.talenti.in/myworkspace/images/share_icons/tumblr.html]
[talenti27.herokuapp.com/Talenti/www.talenti.in/myworkspace/images/share_icons/g+.html]
[talenti27.herokuapp.com/Talenti/www.talenti.in/myworkspace/images/share_icons/mail.html]
[talenti27.herokuapp.com/Talenti/www.talenti.in/myworkspace/images/pt_1.html]
[talenti27.herokuapp.com/Talenti/www.talenti.in/myworkspace/images/pt_2.html]
[talenti27.herokuapp.com/Talenti/www.talenti.in/myworkspace/images/pt_3.html]
[talenti27.herokuapp.com/Talenti/www.talenti.in/myworkspace/images/pt_4.html]
[talenti27.herokuapp.com/Talenti/www.talenti.in/myworkspace/images/pt_5.html]
[talenti27.herokuapp.com/Talenti/www.talenti.in/myworkspace/images/lt_border.html]
[talenti27.herokuapp.com/Talenti/www.talenti.in/myworkspace/images/ib_sc.html]
[talenti27.herokuapp.com/Talenti/www.talenti.in/myworkspace/owl.video.play.html]
[talenti27.herokuapp.com/Talenti/www.talenti.in/myworkspace/theme/loader.html]
[talenti27.herokuapp.com/Talenti/www.talenti.in/myworkspace/theme/bg_control_nav.html]
[talenti27.herokuapp.com/Talenti/www.talenti.in/includes/font/moon.html]
[talenti27.herokuapp.com/Talenti/www.talenti.in/includes/font/moond41dd41d.html]
[talenti27.herokuapp.com/Talenti/www.talenti.in/includes/font/moon-2.html]
[talenti27.herokuapp.com/Talenti/www.talenti.in/includes/font/moon-3.html]
[talenti27.herokuapp.com/Talenti/www.talenti.in/includes/font/moon-4.html]
[talenti27.herokuapp.com/Talenti/www.talenti.in/includes/font/ElegantIcons.html]
[talenti27.herokuapp.com/Talenti/www.talenti.in/includes/font/ElegantIconsd41dd41d.html]
[talenti27.herokuapp.com/Talenti/www.talenti.in/includes/font/ElegantIcons-2.html]
[talenti27.herokuapp.com/Talenti/www.talenti.in/includes/font/ElegantIcons-3.html]
[talenti27.herokuapp.com/Talenti/www.talenti.in/includes/font/ElegantIcons-4.html]
[talenti27.herokuapp.com/Talenti/www.talenti.in/images/prettyPhoto/default/sprite_next.html]
[talenti27.herokuapp.com/Talenti/www.talenti.in/images/prettyPhoto/default/sprite_prev.html]
[talenti27.herokuapp.com/Talenti/www.talenti.in/images/prettyPhoto/default/sprite.html]
[talenti27.herokuapp.com/Talenti/www.talenti.in/images/prettyPhoto/default/default_thumb.html]
[talenti27.herokuapp.com/Talenti/www.talenti.in/images/prettyPhoto/light_rounded/sprite.html]
[talenti27.herokuapp.com/Talenti/www.talenti.in/images/prettyPhoto/light_rounded/btnNext.html]
[talenti27.herokuapp.com/Talenti/www.talenti.in/images/prettyPhoto/light_rounded/btnPrevious.html]
[talenti27.herokuapp.com/Talenti/www.talenti.in/images/prettyPhoto/dark_rounded/sprite.html]
[talenti27.herokuapp.com/Talenti/www.talenti.in/images/prettyPhoto/dark_rounded/contentPattern.html]
[talenti27.herokuapp.com/Talenti/www.talenti.in/images/prettyPhoto/dark_rounded/btnNext.html]
[talenti27.herokuapp.com/Talenti/www.talenti.in/images/prettyPhoto/dark_rounded/btnPrevious.html]
[talenti27.herokuapp.com/Talenti/www.talenti.in/images/prettyPhoto/dark_square/sprite.html]
[talenti27.herokuapp.com/Talenti/www.talenti.in/images/prettyPhoto/dark_square/btnNext.html]
[talenti27.herokuapp.com/Talenti/www.talenti.in/images/prettyPhoto/dark_square/btnPrevious.html]
[talenti27.herokuapp.com/Talenti/www.talenti.in/images/prettyPhoto/light_square/sprite.html]
[talenti27.herokuapp.com/Talenti/www.talenti.in/images/prettyPhoto/light_square/btnNext.html]
[talenti27.herokuapp.com/Talenti/www.talenti.in/images/prettyPhoto/light_square/btnPrevious.html]
[talenti27.herokuapp.com/Talenti/www.talenti.in/images/prettyPhoto/facebook/sprite.html]
[talenti27.herokuapp.com/Talenti/www.talenti.in/images/prettyPhoto/facebook/contentPatternTop.html]
[talenti27.herokuapp.com/Talenti/www.talenti.in/images/prettyPhoto/facebook/contentPatternLeft.html]
[talenti27.herokuapp.com/Talenti/www.talenti.in/images/prettyPhoto/facebook/contentPatternRight.html]
[talenti27.herokuapp.com/Talenti/www.talenti.in/images/prettyPhoto/facebook/loader.html]
[talenti27.herokuapp.com/Talenti/www.talenti.in/images/prettyPhoto/facebook/btnNext.html]
[talenti27.herokuapp.com/Talenti/www.talenti.in/images/prettyPhoto/facebook/btnPrevious.html]
[talenti27.herokuapp.com/Talenti/www.talenti.in/images/prettyPhoto/facebook/contentPatternBottom.html]
[talenti27.herokuapp.com/Talenti/www.talenti.in/images/prettyPhoto/facebook/default_thumbnail.html]
[talenti27.herokuapp.com/Talenti/www.talenti.in/images/toggle_open.html]
[talenti27.herokuapp.com/Talenti/www.talenti.in/images/toggle_close.html]
[talenti27.herokuapp.com/Talenti/www.talenti.in/images/icons/address-book.html]
[talenti27.herokuapp.com/Talenti/www.talenti.in/images/icons/alarm-clock.html]
[talenti27.herokuapp.com/Talenti/www.talenti.in/images/icons/anchor.html]
[talenti27.herokuapp.com/Talenti/www.talenti.in/images/icons/application-image.html]
[talenti27.herokuapp.com/Talenti/www.talenti.in/images/icons/arrow.html]
[talenti27.herokuapp.com/Talenti/www.talenti.in/images/icons/asterisk.html]
[talenti27.herokuapp.com/Talenti/www.talenti.in/images/icons/auction-hammer.html]
[talenti27.herokuapp.com/Talenti/www.talenti.in/images/icons/balloon.html]
[talenti27.herokuapp.com/Talenti/www.talenti.in/images/icons/balloon-buzz.html]
[talenti27.herokuapp.com/Talenti/www.talenti.in/images/icons/balloon-facebook.html]
[talenti27.herokuapp.com/Talenti/www.talenti.in/images/icons/balloon-twitter.html]
[talenti27.herokuapp.com/Talenti/www.talenti.in/images/icons/battery-full.html]
[talenti27.herokuapp.com/Talenti/www.talenti.in/images/icons/binocular.html]
[talenti27.herokuapp.com/Talenti/www.talenti.in/images/icons/blue-document-excel.html]
[talenti27.herokuapp.com/Talenti/www.talenti.in/images/icons/blue-document-image.html]
[talenti27.herokuapp.com/Talenti/www.talenti.in/images/icons/blue-document-music.html]
[talenti27.herokuapp.com/Talenti/www.talenti.in/images/icons/blue-document-office.html]
[talenti27.herokuapp.com/Talenti/www.talenti.in/images/icons/blue-document-pdf.html]
[talenti27.herokuapp.com/Talenti/www.talenti.in/images/icons/blue-document-powerpoint.html]
[talenti27.herokuapp.com/Talenti/www.talenti.in/images/icons/blue-document-word.html]
[talenti27.herokuapp.com/Talenti/www.talenti.in/images/icons/bookmark.html]
[talenti27.herokuapp.com/Talenti/www.talenti.in/images/icons/camcorder.html]
[talenti27.herokuapp.com/Talenti/www.talenti.in/images/icons/camera.html]
[talenti27.herokuapp.com/Talenti/www.talenti.in/images/icons/chart.html]
[talenti27.herokuapp.com/Talenti/www.talenti.in/images/icons/chart-pie.html]
[talenti27.herokuapp.com/Talenti/www.talenti.in/images/icons/clock.html]
[talenti27.herokuapp.com/Talenti/www.talenti.in/images/icons/control.html]
[talenti27.herokuapp.com/Talenti/www.talenti.in/images/icons/fire.html]
[talenti27.herokuapp.com/Talenti/www.talenti.in/images/icons/heart.html]
[talenti27.herokuapp.com/Talenti/www.talenti.in/images/icons/mail.html]
[talenti27.herokuapp.com/Talenti/www.talenti.in/images/icons/plus-shield.html]
[talenti27.herokuapp.com/Talenti/www.talenti.in/images/icons/video.html]
[talenti27.herokuapp.com/Talenti/www.talenti.in/images/twitter_bird.html]
[talenti27.herokuapp.com/Talenti/www.talenti.in/vc/alert.html]
[talenti27.herokuapp.com/Talenti/www.talenti.in/vc/info.html]
[talenti27.herokuapp.com/Talenti/www.talenti.in/vc/tick.html]
[talenti27.herokuapp.com/Talenti/www.talenti.in/vc/exclamation.html]
[talenti27.herokuapp.com/Talenti/www.talenti.in/images/flickr.html]
[talenti27.herokuapp.com/Talenti/www.talenti.in/vc/blur.html]
[talenti27.herokuapp.com/Talenti/www.talenti.in/fonts/vc_grid/vc_grid_v157a157a1.html]
[talenti27.herokuapp.com/Talenti/www.talenti.in/fonts/vc_grid/vc_grid_v1d41dd41d.html]
[talenti27.herokuapp.com/Talenti/www.talenti.in/fonts/vc_grid/vc_grid_v157a1-257a1.html]
[talenti27.herokuapp.com/Talenti/www.talenti.in/fonts/vc_grid/vc_grid_v157a1-357a1.html]
[talenti27.herokuapp.com/Talenti/www.talenti.in/fonts/vc_grid/vc_grid_v157a1-457a1.html]
[talenti27.herokuapp.com/Talenti/www.talenti.in/index60876087.html]
[talenti27.herokuapp.com/Talenti/www.talenti.in/wp-json/oembed/1.0/embed6a956a95.html]
[talenti27.herokuapp.com/Talenti/www.talenti.in/wp-json/oembed/1.0/embed45774577.html]
[talenti27.herokuapp.com/Talenti/www.talenti.in/author/admin/index.html]
[talenti27.herokuapp.com/Talenti/www.talenti.in/index8bcd8bcd.html]
[talenti27.herokuapp.com/Talenti/www.talenti.in/wp-json/oembed/1.0/embed65726572.html]
[talenti27.herokuapp.com/Talenti/www.talenti.in/wp-json/oembed/1.0/embed85478547.html]
[talenti27.herokuapp.com/Talenti/www.talenti.in/indexc725c725.html]
[talenti27.herokuapp.com/Talenti/www.talenti.in/wp-json/oembed/1.0/embed02130213.html]
[talenti27.herokuapp.com/Talenti/www.talenti.in/wp-json/oembed/1.0/embed38bc38bc.html]
[talenti27.herokuapp.com/Talenti/www.talenti.in/index0d790d79.html]
[talenti27.herokuapp.com/Talenti/www.talenti.in/wp-json/oembed/1.0/embed134a134a.html]
[talenti27.herokuapp.com/Talenti/www.talenti.in/wp-json/oembed/1.0/embed93519351.html]
[talenti27.herokuapp.com/Talenti/www.talenti.in/index41264126.html]
[talenti27.herokuapp.com/Talenti/www.talenti.in/wp-json/oembed/1.0/embedb984b984.html]
[talenti27.herokuapp.com/Talenti/www.talenti.in/wp-json/oembed/1.0/embedd14fd14f.html]
[talenti27.herokuapp.com/Talenti/www.talenti.in/indexd379d379.html]
[talenti27.herokuapp.com/Talenti/www.talenti.in/wp-json/oembed/1.0/embed48884888.html]
[talenti27.herokuapp.com/Talenti/www.talenti.in/wp-json/oembed/1.0/embed282a282a.html]
[talenti27.herokuapp.com/Talenti/www.talenti.in/index6ca36ca3.html]
[talenti27.herokuapp.com/Talenti/www.talenti.in/wp-json/oembed/1.0/embedc443c443.html]
[talenti27.herokuapp.com/Talenti/www.talenti.in/wp-json/oembed/1.0/embedc09ec09e.html]
[talenti27.herokuapp.com/Talenti/www.talenti.in/index74147414.html]
[talenti27.herokuapp.com/Talenti/www.talenti.in/wp-json/oembed/1.0/embeda49ca49c.html]
[talenti27.herokuapp.com/Talenti/www.talenti.in/wp-json/oembed/1.0/embedebe1ebe1.html]
[talenti27.herokuapp.com/Talenti/www.talenti.in/index07450745.html]
[talenti27.herokuapp.com/Talenti/www.talenti.in/wp-json/oembed/1.0/embedb651b651.html]
[talenti27.herokuapp.com/Talenti/www.talenti.in/wp-json/oembed/1.0/embedf6d2f6d2.html]
[talenti27.herokuapp.com/Talenti/www.talenti.in/index73987398.html]
[talenti27.herokuapp.com/Talenti/www.talenti.in/wp-json/oembed/1.0/embeda978a978.html]
[talenti27.herokuapp.com/Talenti/www.talenti.in/wp-json/oembed/1.0/embed14a714a7.html]
[talenti27.herokuapp.com/Talenti/www.talenti.in/indexde52de52.html]
[talenti27.herokuapp.com/Talenti/www.talenti.in/wp-json/oembed/1.0/embed94849484.html]
[talenti27.herokuapp.com/Talenti/www.talenti.in/wp-json/oembed/1.0/embed14a7-214a7.html]
[talenti27.herokuapp.com/Talenti/www.talenti.in/indexb25fb25f.html]
[talenti27.herokuapp.com/Talenti/www.talenti.in/wp-json/oembed/1.0/embed71e471e4.html]
[talenti27.herokuapp.com/Talenti/www.talenti.in/wp-json/oembed/1.0/embedbd7cbd7c.html]
[talenti27.herokuapp.com/Talenti/www.talenti.in/index49764976.html]
[talenti27.herokuapp.com/Talenti/www.talenti.in/wp-json/oembed/1.0/embedb34eb34e.html]
[talenti27.herokuapp.com/Talenti/www.talenti.in/wp-json/oembed/1.0/embedd74ed74e.html]
[talenti27.herokuapp.com/Talenti/www.talenti.in/index9a9b9a9b.html]
[talenti27.herokuapp.com/Talenti/www.talenti.in/wp-json/oembed/1.0/embede496e496.html]
[talenti27.herokuapp.com/Talenti/www.talenti.in/wp-json/oembed/1.0/embedc521c521.html]
[talenti27.herokuapp.com/Talenti/www.talenti.in/index6a356a35.html]
[talenti27.herokuapp.com/Talenti/www.talenti.in/wp-json/oembed/1.0/embed0d3c0d3c.html]
[talenti27.herokuapp.com/Talenti/www.talenti.in/wp-json/oembed/1.0/embed89298929.html]
[talenti27.herokuapp.com/Talenti/www.talenti.in/index27cd27cd.html]
[talenti27.herokuapp.com/Talenti/www.talenti.in/wp-json/oembed/1.0/embed3ebe3ebe.html]
[talenti27.herokuapp.com/Talenti/www.talenti.in/wp-json/oembed/1.0/embed6a366a36.html]
[www.talenti.in/wp-content/plugins/revslider/public/assets/css/openhand.html]
[www.talenti.in/wp-content/plugins/revslider/public/assets/css/closedhand.html]
[www.talenti.in/wp-content/themes/thefox/images/share_icons/facebook.html]
[www.talenti.in/wp-content/themes/thefox/images/share_icons/twitter.html]
[www.talenti.in/wp-content/themes/thefox/images/share_icons/linkedin.html]
[www.talenti.in/wp-content/themes/thefox/images/share_icons/reddit.html]
[www.talenti.in/wp-content/themes/thefox/images/share_icons/tumblr.html]
[www.talenti.in/wp-content/themes/thefox/images/share_icons/g+.html]
[www.talenti.in/wp-content/themes/thefox/images/share_icons/mail.html]
[www.talenti.in/wp-content/themes/thefox/owl.video.play.html]
[www.talenti.in/wp-content/themes/thefox/images/toggle_open.html]
[www.talenti.in/wp-content/themes/thefox/images/toggle_close.html]
[www.talenti.in/wp-content/themes/thefox/images/icons/address-book.html]
[www.talenti.in/wp-content/themes/thefox/images/icons/alarm-clock.html]
[www.talenti.in/wp-content/themes/thefox/images/icons/anchor.html]
[www.talenti.in/wp-content/themes/thefox/images/icons/application-image.html]
[www.talenti.in/wp-content/themes/thefox/images/icons/arrow.html]
[www.talenti.in/wp-content/themes/thefox/images/icons/asterisk.html]
[www.talenti.in/wp-content/themes/thefox/images/icons/auction-hammer.html]
[www.talenti.in/wp-content/themes/thefox/images/icons/balloon.html]
[www.talenti.in/wp-content/themes/thefox/images/icons/balloon-buzz.html]
[www.talenti.in/wp-content/themes/thefox/images/icons/balloon-facebook.html]
[www.talenti.in/wp-content/themes/thefox/images/icons/balloon-twitter.html]
[www.talenti.in/wp-content/themes/thefox/images/icons/battery-full.html]
[www.talenti.in/wp-content/themes/thefox/images/icons/binocular.html]
[www.talenti.in/wp-content/themes/thefox/images/icons/blue-document-excel.html]
[www.talenti.in/wp-content/themes/thefox/images/icons/blue-document-image.html]
[www.talenti.in/wp-content/themes/thefox/images/icons/blue-document-music.html]
[www.talenti.in/wp-content/themes/thefox/images/icons/blue-document-office.html]
[www.talenti.in/wp-content/themes/thefox/images/icons/blue-document-pdf.html]
[www.talenti.in/wp-content/themes/thefox/images/icons/blue-document-powerpoint.html]
[www.talenti.in/wp-content/themes/thefox/images/icons/blue-document-word.html]
[www.talenti.in/wp-content/themes/thefox/images/icons/bookmark.html]
[www.talenti.in/wp-content/themes/thefox/images/icons/camcorder.html]
[www.talenti.in/wp-content/themes/thefox/images/icons/camera.html]
[www.talenti.in/wp-content/themes/thefox/images/icons/chart.html]
[www.talenti.in/wp-content/themes/thefox/images/icons/chart-pie.html]
[www.talenti.in/wp-content/themes/thefox/images/icons/clock.html]
[www.talenti.in/wp-content/themes/thefox/images/icons/control.html]
[www.talenti.in/wp-content/themes/thefox/images/icons/fire.html]
[www.talenti.in/wp-content/themes/thefox/images/icons/heart.html]
[www.talenti.in/wp-content/themes/thefox/images/icons/mail.html]
[www.talenti.in/wp-content/themes/thefox/images/icons/plus-shield.html]
[www.talenti.in/wp-content/themes/thefox/images/icons/video.html]
[www.talenti.in/wp-content/themes/thefox/images/twitter_bird.html]
[www.talenti.in/wp-content/themes/thefox/vc/alert.html]
[www.talenti.in/wp-content/themes/thefox/vc/info.html]
[www.talenti.in/wp-content/themes/thefox/vc/tick.html]
[www.talenti.in/wp-content/themes/thefox/vc/exclamation.html]
[www.talenti.in/wp-content/themes/thefox/images/flickr.html]
[talenti27.herokuapp.com/Talenti/www.talenti.in/author/admin/feed/index.html]
[talenti27.herokuapp.com/Talenti/www.talenti.in/author/workspace.html]
[talenti27.herokuapp.com/Talenti/www.talenti.in/wp-login.html]
[talenti27.herokuapp.com/Talenti/www.talenti.in/wp-includes/fonts/dashicons.eot]
[talenti27.herokuapp.com/Talenti/www.talenti.in/wp-includes/css/dashicons.min.css]
[talenti27.herokuapp.com/Talenti/www.talenti.in/wp-includes/css/buttons.min.css]
[talenti27.herokuapp.com/Talenti/www.talenti.in/wp-loginc2b6c2b6.html]
